[i.transtechvietnam.com/hoang.html]
[backblue.gif]
[fade.gif]
[index.html]
[i.transtechvietnam.com/uploads/main/8e5b68e52219e7395b67611c32dc28af.png]
[i.transtechvietnam.com/themes/altum/assets/css/bootstrap.min24f4.css]
[i.transtechvietnam.com/themes/altum/assets/css/custom24f4.css]
[i.transtechvietnam.com/themes/altum/assets/css/link-custom24f4.css]
[i.transtechvietnam.com/themes/altum/assets/css/animate.min24f4.css]
[i.transtechvietnam.com/uploads/block_images/c2a1c0f9a0b317eb048d581b7e2797c5.png]
[i.transtechvietnam.com/uploads/block_images/30ac052c7294957dc9b15133d52bd487.jpg]
[i.transtechvietnam.com/uploads/block_images/a7a4e8fefcf5cc4d676fe4035a109042.jpg]
[i.transtechvietnam.com/uploads/block_images/ca4ac330aefc3ef4cffb9ec885667883.jpg]
[i.transtechvietnam.com/uploads/block_images/46eb571a03836c68b289e7475ab1578b.jpg]
[i.transtechvietnam.com/cdn-cgi/l/email-protection.html]
[i.transtechvietnam.com/uploads/block_thumbnail_images/ab2d5ad2db98b8881fbe804382227081.png]
[i.transtechvietnam.com/uploads/block_thumbnail_images/7fb2ffa15d6aada56ed78a4ed3d95416.png]
[i.transtechvietnam.com/uploads/block_thumbnail_images/be7011a2231ef87bb804fe20b64a47d7.jpg]
[i.transtechvietnam.com/cdn-cgi/scripts/5c5dd728/cloudflare-static/email-decode.min.js]
[i.transtechvietnam.com/themes/altum/assets/js/libraries/jquery.min24f4.js]
[i.transtechvietnam.com/themes/altum/assets/js/libraries/popper.min24f4.js]
[i.transtechvietnam.com/themes/altum/assets/js/libraries/bootstrap.min24f4.js]
[i.transtechvietnam.com/themes/altum/assets/js/custom24f4.js]
[i.transtechvietnam.com/themes/altum/assets/js/libraries/fontawesome.min24f4.js]
[i.transtechvietnam.com/themes/altum/assets/js/libraries/fontawesome-solid.min24f4.js]
[i.transtechvietnam.com/hoang.html]
[i.transtechvietnam.com/themes/altum/assets/css/bootstrap.min24f4.css]
[i.transtechvietnam.com/themes/altum/assets/css/custom24f4.css]
[i.transtechvietnam.com/themes/altum/assets/css/link-custom24f4.css]
[i.transtechvietnam.com/themes/altum/assets/css/animate.min24f4.css]
[i.transtechvietnam.com/cdn-cgi/l/email-protection.html]
[i.transtechvietnam.com/themes/altum/assets/js/libraries/fontawesome-brands.min24f4.js]
